// Jest Snapshot v1, https://goo.gl/fbAQLP

exports[`initial call matches snapshot 1`] = `
Object {
  "blurField": [Function],
  "fields": Object {},
  "isValid": true,
  "isValidating": false,
  "mountField": [Function],
  "premountField": [Function],
  "setFieldState": [Function],
  "setFieldValidation": [Function],
  "setFieldValue": [Function],
  "unmountField": [Function],
  "validateField": [Function],
  "validateSubmission": [Function],
}
`;
